// Jest Snapshot v1, https://goo.gl/fbAQLP

exports[`file contents: prettier-eslint cli-test/fixtures/example*.js --write --no-eslint-ignore 1`] = `
Object {
  "example1Result": "const {example1} = baz.bar
",
  "example2Result": "function example2(thing) {
  return thing
}
",
}
`;

exports[`stdout: --version 1`] = `
"0.0.0-semantically-released
"
`;

exports[`stdout: prettier-eslint cli-test/fixtures/example*.js --write --no-eslint-ignore 1`] = `
"success formatting 2 files with prettier-eslint
"
`;
